

Microchip MPLAB XC8 Assembler V3.10 build 20250813170317 
                                                                                                           Sun Jan 11 07:27:05 2026


     1                           	processor	16F88
     2                           	pagewidth 132
     3                           	psect	code,global,class=CODE,space=0,delta=2
     4                           	psect	powerup,global,class=CODE,space=0,delta=2
     5                           	psect	reset_vec,global,class=CODE,space=0,delta=2
     6                           	psect	maintext,global,class=CODE,space=0,delta=2
     7                           	psect	eeprom_data,global,class=EEDATA,space=3,delta=2,noexec
     8                           	psect	intentry,global,class=CODE,space=0,delta=2
     9                           	psect	sivt,global,class=CODE,space=0,delta=2
    10                           	psect	functab,global,class=ENTRY,space=0,delta=2
    11                           	psect	init,global,class=CODE,space=0,delta=2
    12                           	psect	cinit,global,class=CODE,space=0,delta=2
    13                           	psect	text,global,class=CODE,space=0,delta=2
    14                           	psect	end_init,global,class=CODE,space=0,delta=2
    15                           	psect	clrtext,global,class=CODE,space=0,delta=2
    16                           	psect	strings,global,reloc=256,class=CODE,space=0,delta=2
    17                           	psect	stack,global,class=STACK,space=2,delta=1,noexec
    18                           	psect	heap,global,class=HEAP,space=7,delta=1,noexec
    19                           	psect	common,global,class=COMMON,space=1,delta=1
    20                           	psect	bank0,global,class=BANK0,space=1,delta=1
    21                           	psect	bank1,global,class=BANK1,space=1,delta=1
    22                           	psect	bank2,global,class=BANK2,space=1,delta=1
    23                           	psect	bank3,global,class=BANK3,space=1,delta=1
    24                           	psect	ram,global,class=RAM,space=1,delta=1
    25                           	psect	abs1,global,class=ABS1,space=1,delta=1
    26                           	psect	sfr0,global,class=SFR0,space=1,delta=1
    27                           	psect	sfr1,global,class=SFR1,space=1,delta=1
    28                           	psect	sfr2,global,class=SFR2,space=1,delta=1
    29                           	psect	sfr3,global,class=SFR3,space=1,delta=1
    30                           
    31                           	psect	reset_vec
    32  0000'                    reset_vec:
    33                           
    34                           	psect	maintext
    35                           
    36                           ; Microchip MPLAB XC8 C Compiler V3.10
    37                           ; Copyright (C) 2025 Microchip Technology Inc.
    38                           ; Auto-generated runtime startup code for prelink stage.
    39                           ;
    40                           ; Compiler options:
    41                           ;
    42                           ; -q --opt=none --chip=16f88 --dfp=Microchip.PIC16Fxxx_DFP.1.7.162/xc8 \
    43                           ; --asmlist -L-preset_vec=0h -oisb_cubby.hex --objdir=build \
    44                           ; --outdir=build isb_cubby.S -L--fixupoverflow=error -P --std=c99 \
    45                           ; --rors --icl=auto --callgraph=none --warn=-3 \
    46                           ; --errformat=%f:%l:%c: error: (%n) %s \
    47                           ; --warnformat=%f:%l:%c: warning: (%n) %s \
    48                           ; --msgformat=%f:%l:%c: advisory: (%n) %s
    49                           ;
    50  0000                     C               set	0
    51  0002                     Z               set	2
    52  0002                     PCL             set	2
    53  0000                     INDF            set	0
    54  0003                     STATUS          equ	3
    55  000A                     PCLATH          equ	10
    56                           
    57                           	psect	functab
    58  0000'                    intlevel0:
    59  0000'                    intlevel1:
    60  0000'                    intlevel2:
    61  0000'                    intlevel3:
    62  0000'                    intlevel4:
    63  0000'                    intlevel5:
    64                           
    65                           	psect	init
    66  0000'                    start:
    67                           
    68                           	psect	end_init
    69  0000' 0183               	clrf	3	;select bank 0
    70  0001' 118A' 2800'        	ljmp	start_initialization	;jump to C runtime clear & initialization
    71                           
    72                           	psect	clrtext
    73  0004                     FSR             set	4
    74                           
    75                           	psect	strings
    76  0000                     ___stacklo      equ	0
    77  0000                     ___stackhi      equ	0
    78                           
    79                           	psect	stack
    80  0000'                    ___sp:
    81  0000'                    ___int_sp:
    82  0000'                    ___stack_lo:
    83  0000'                    ___stack_hi:
    84  0000'                    ___int_stack_lo:
    85  0000'                    ___int_stack_hi:
    86                           
    87                           	psect	heap
    88                           
    89                           ; No powerup routine
    90                           ; No interrupt routine(s)
    91                           ; No heap to be allocated
    92  0000                     ___heap_lo      equ	0
    93  0000                     ___heap_hi      equ	0


Microchip Technology PIC Macro Assembler V3.10 build 20250813170317 
Symbol Table                                                                                               Sun Jan 11 07:27:05 2026

               ___sp 0000                 _main 0000*                start 0000                STATUS 0003  
         ___stack_hi 0000           ___stack_lo 0000       ___int_stack_hi 0000       ___int_stack_lo 0000  
start_initialization 0000*           ___heap_hi 0000            ___heap_lo 0000            ___stackhi 0000  
          ___stacklo 0000             ___int_sp 0000             intlevel0 0000             intlevel1 0000  
           intlevel2 0000             intlevel3 0000             intlevel4 0000             intlevel5 0000  
           reset_vec 0000  
